---
name: SequenceExpression
description: parses sequence expression
---

[
  {
    "type": "ExpressionStatement",
    "start": 0,
    "end": 8,
    "expression": {
      "type": "SequenceExpression",
      "start": 0,
      "end": 8,
      "expressions": [
        {
          "type": "Literal",
          "raw": "123",
          "value": 123,
          "start": 0,
          "end": 3
        },
        {
          "type": "Literal",
          "raw": "456",
          "value": 456,
          "start": 5,
          "end": 8
        }
      ]
    }
  }
]
