---
name: ConditionalExpression - no parens
description: parses non-parenthesized conditional
---

[
  {
    "type": "ExpressionStatement",
    "start": 0,
    "end": 17,
    "expression": {
      "type": "ConditionalExpression",
      "start": 0,
      "end": 17,
      "test": {
        "type": "Identifier",
        "name": "hello",
        "start": 0,
        "end": 5
      },
      "consequent": {
        "type":  "Literal",
        "raw": "123",
        "value": 123,
        "start": 8,
        "end": 11
      },
      "alternate": {
        "type": "Literal",
        "raw": "456",
        "value": 456,
        "start": 14,
        "end": 17
      }
    }
  }
]
