---
name: ConditionalExpression - parenthesized
description: parses conditial no parenthesized
---

[
  {
    "type": "ExpressionStatement",
    "start": 0,
    "end": 19,
    "expression": {
      "type": "ConditionalExpression",
      "start": 1,
      "end": 19,
      "test": {
        "type": "Identifier",
        "name": "hello",
        "start": 1,
        "end": 6
      },
      "consequent": {
        "type":  "Literal",
        "raw": "123",
        "value": 123,
        "start": 10,
        "end": 13
      },
      "alternate": {
        "type": "Literal",
        "raw": "456",
        "value": 456,
        "start": 16,
        "end": 19
      }
    }
  }
]
