---
name: BinaryExpression - bitwise XOR
description: parses simple XOR binary
---

[
  {
    "type": "ExpressionStatement",
    "start": 0,
    "end": 7,
    "expression": {
      "type": "BinaryExpression",
      "operator": "^",
      "start": 0,
      "end": 7,
      "left": {
        "type": "Literal",
        "raw": "10",
        "value": 10,
        "start": 0,
        "end": 2
      },
      "right": {
        "type": "Literal",
        "raw": "42",
        "value": 42,
        "start": 5,
        "end": 7
      }
    }
  }
]
