---
name: CallExpression - on identifier with arguments
description: parses call expression with arguments
---

[
  {
    "type": "ExpressionStatement",
    "start": 0,
    "end": 20,
    "expression": {
      "type": "CallExpression",
      "start": 0,
      "end": 20,
      "arguments": [
        {
          "type": "Literal",
          "raw": "123",
          "value": 123,
          "start": 6,
          "end": 9
        },
        {
          "type": "Literal",
          "raw": "'people'",
          "value": "people",
          "start": 11,
          "end": 19
        }
      ],
      "callee": {
        "type": "Identifier",
        "name": "hello",
        "start": 0,
        "end": 5
      }
    }
  }
]
