---
name: LogicalExpression - AND
description: parses logical AND binary
---

[
  {
    "type": "ExpressionStatement",
    "start": 0,
    "end": 8,
    "expression": {
      "type": "LogicalExpression",
      "operator": "&&",
      "start": 0,
      "end": 8,
      "left": {
        "type": "Literal",
        "raw": "10",
        "value": 10,
        "start": 0,
        "end": 2
      },
      "right": {
        "type": "Literal",
        "raw": "42",
        "value": 42,
        "start": 6,
        "end": 8
      }
    }
  }
]
