---
name: Literal - boolean
description: boolean
---

[
  {
    "type": "ExpressionStatement",
    "start": 0,
    "end": 4,
    "expression": {
      "type": "Literal",
      "raw": "true",
      "value": true,
      "start": 0,
      "end": 4
    }
  }
]
