---
name: Literal - integer
description: parses integer literal
---

[
  {
    "type": "ExpressionStatement",
    "start": 0,
    "end": 3,
    "expression": {
      "type": "Literal",
      "raw": "123",
      "value": 123,
      "start": 0,
      "end": 3
    }
  }
]
