---
name: Literal - decimal literal with float
description: parses float decimal literal
---

[
  {
    "type": "ExpressionStatement",
    "start": 0,
    "end": 7,
    "expression": {
      "type": "Literal",
      "raw": "123.123",
      "value": 123.123,
      "start": 0,
      "end": 7
    }
  }
]
