---
name: Literal - string double
description: parses double quote string
---

[
  {
    "type": "ExpressionStatement",
    "start": 0,
    "end": 7,
    "expression": {
      "type": "Literal",
      "raw": "\"hello\"",
      "value": "hello",
      "start": 0,
      "end": 7
    }
  }
]
