---
name: AssignmentExpression - equal with left yield
description: assignment with left yield identifier
---

[
  {
    "type": "ExpressionStatement",
    "start": 0,
    "end": 11,
    "expression": {
      "type": "AssignmentExpression",
      "operator": "=",
      "start": 0,
      "end": 11,
      "left": {
        "type": "Identifier",
        "name": "yield",
        "start": 0,
        "end": 5
      },
      "right": {
        "type": "Literal",
        "raw": "123",
        "value": 123,
        "start": 8,
        "end": 11
      }
    }
  }
]
