---
name: YieldExpression - yield identifier
description: yielding identifier
options:
  context:
    generator: true
---

[
  {
    "type": "ExpressionStatement",
    "start": 0,
    "end": 9,
    "expression": {
      "type": "YieldExpression",
      "delegates": false,
      "start": 0,
      "end": 9,
      "argument": {
        "type": "Literal",
        "raw": "123",
        "value": 123,
        "start": 6,
        "end": 9
      }
    }
  }
]
