---
name: ArrowExpression
description: parses parenthesized arrow function with implicit number return
---

[
  {
    "type": "ExpressionStatement",
    "start": 0,
    "end": 9,
    "expression": {
      "type": "ArrowExpression",
      "start": 0,
      "end": 9,
      "parameters": [],
      "rest": null,
      "defaults": null,
      "expression": true,
      "generator": false,
      "body": {
        "type": "Literal",
        "raw": "123",
        "value": 123,
        "start": 6,
        "end": 9
      }
    }
  }
]
