---
name: es6 - double asterisk
description: double asterisk is parse as single below es7
skip: true
options:
  version: 6
---

[
  { "type": 4, "value": "*", "line": 1, "column": 0, "start": 0, "end": 1 },
  { "type": 4, "value": "*", "line": 1, "column": 0, "start": 1, "end": 2 }
]
