---
name: ObjectExpression - computed key
description: parses object literal with binary expression inside computed property
---

[
  {
    "type": "ExpressionStatement",
    "start": 0,
    "end": 30,
    "expression": {
      "type": "ObjectExpression",
      "start": 0,
      "end": 30,
      "properties": [
        {
          "type": "Property",
          "kind": "init",
          "shorthand": false,
          "computed": true,
          "method": false,
          "start": 2,
          "end": 28,
          "key": {
            "type": "BinaryExpression",
            "operator": "+",
            "start": 3,
            "end": 21,
            "left": {
              "type": "Literal",
              "raw": "'Hello'",
              "value": "Hello",
              "start": 3,
              "end": 10
            },
            "right": {
              "type": "Literal",
              "raw": "' there'",
              "value": " there",
              "start": 13,
              "end": 21
            }
          },
          "value": {
            "type": "Identifier",
            "name": "what",
            "start": 24,
            "end": 28
          }
        }
      ]
    }
  }
]
