---
name: ArrayExpression - with spread
description: parses array with spread and numbers
---

[
  {
    "type": "ExpressionStatement",
    "start": 0,
    "end": 19,
    "expression": {
      "type": "ArrayExpression",
      "start": 0,
      "end": 19,
      "elements": [
        {
          "type": "Literal",
          "raw": "1",
          "value": 1,
          "start": 1,
          "end": 2
        },
        {
          "type": "SpreadElement",
          "start": 4,
          "end": 15,
          "argument": {
            "type": "Identifier",
            "name": "userList",
            "start": 7,
            "end": 15
          }
        },
        {
          "type": "Literal",
          "raw": "2",
          "value": 2,
          "start": 17,
          "end": 18
        }
      ]
    }
  }
]
